// Jest Snapshot v1, https://goo.gl/fbAQLP

exports[`td with base, 2 properties and 2 events 1`] = `
Array [
  Property {
    "base": "coap:///www.example.com:5683/temp/",
    "links": Array [
      HTTPLink {
        "host": "coap:///www.example.com:5683/temp/",
        "href": "val",
        "http": [Function],
        "interaction": [Circular],
        "mediaType": "application/json",
      },
    ],
    "name": "myTemp",
    "observable": true,
    "schema": DataSchema {
      "required": false,
      "type": "number",
      "writable": false,
    },
    "thing": Thing {
      "base": "coap:///www.example.com:5683/temp/",
      "interactions": [Circular],
      "name": "myTempSensor",
      "type": "Sensor",
    },
    "writable": false,
  },
  Property {
    "base": "coap:///www.example.com:5683/temp/",
    "links": Array [
      HTTPLink {
        "host": "coap:///www.example.com:5683/temp/",
        "href": "thr",
        "http": [Function],
        "interaction": [Circular],
        "mediaType": "application/json",
      },
    ],
    "name": "myThreshold",
    "observable": false,
    "schema": DataSchema {
      "required": false,
      "type": "number",
      "writable": true,
    },
    "thing": Thing {
      "base": "coap:///www.example.com:5683/temp/",
      "interactions": [Circular],
      "name": "myTempSensor",
      "type": "Sensor",
    },
    "writable": true,
  },
  Event {
    "base": "coap:///www.example.com:5683/temp/",
    "links": Array [
      HTTPLink {
        "host": "coap:///www.example.com:5683/temp/",
        "href": "val/changed",
        "http": [Function],
        "interaction": [Circular],
        "mediaType": "application/json",
      },
    ],
    "name": "myChange",
    "schema": DataSchema {
      "required": false,
      "type": "number",
      "writable": false,
    },
    "thing": Thing {
      "base": "coap:///www.example.com:5683/temp/",
      "interactions": [Circular],
      "name": "myTempSensor",
      "type": "Sensor",
    },
  },
  Event {
    "base": "coap:///www.example.com:5683/temp/",
    "links": Array [
      HTTPLink {
        "host": "coap:///www.example.com:5683/temp/",
        "href": "val/high",
        "http": [Function],
        "interaction": [Circular],
        "mediaType": "application/json",
      },
    ],
    "name": "myWarning",
    "schema": DataSchema {
      "required": false,
      "type": "number",
      "writable": false,
    },
    "thing": Thing {
      "base": "coap:///www.example.com:5683/temp/",
      "interactions": [Circular],
      "name": "myTempSensor",
      "type": "Sensor",
    },
  },
]
`;
