// Jest Snapshot v1, https://goo.gl/fbAQLP

exports[`post mozilla td post mozilla td then get td returns encoded td 1`] = `
Object {
  "actions": Object {},
  "events": Object {},
  "href": "http://localhost:5000/things/virtual-on-off-color-light",
  "links": Array [
    Object {
      "href": "/actions",
      "rel": "actions",
    },
    Object {
      "href": "/events",
      "rel": "events",
    },
    Object {
      "href": "ws://localhost:5000/things/virtual-on-off-color-light",
      "rel": "alternate",
    },
  ],
  "name": "Virtual On/Off Color Light",
  "properties": Object {
    "color": Object {
      "href": "/properties/color",
      "type": "string",
    },
    "on": Object {
      "href": "/properties/on",
      "type": "boolean",
    },
  },
  "type": "onOffColorLight",
}
`;

exports[`post td post td then get td returns encoded td 1`] = `
Object {
  "@context": Array [
    "https://w3c.github.io/wot/w3c-wot-td-context.jsonld",
    "https://w3c.github.io/wot/w3c-wot-common-context.jsonld",
  ],
  "@type": Array [
    "Lamp",
  ],
  "base": "http://localhost:5000/things/mymasterled",
  "interaction": Array [
    Object {
      "@type": Array [
        "Action",
      ],
      "form": Array [
        Object {
          "href": "/actions/mymasteronoff",
          "mediaType": "application/json",
        },
      ],
      "inputSchema": Object {
        "type": "boolean",
      },
      "name": "myMasterOnOff",
    },
  ],
  "name": "myMasterLED",
}
`;
